[workingflashloan.github.io/index.html]
[backblue.gif]
[fade.gif]
[index.html]
[workingflashloan.github.io/assets/css/styles.css]
[ajax.googleapis.com/ajax/libs/angularjs/1.6.9/angular.min.js]
[cdnjs.cloudflare.com/ajax/libs/font-awesome/4.7.0/css/font-awesome.min.css]
[plausible.io/js/plausible.js]
[workingflashloan.github.io/index-2.html]
[workingflashloan.github.io/list.html]
[workingflashloan.github.io/referral.html]
[workingflashloan.github.io/FAQ.html]
[workingflashloan.github.io/assets/image/logo.png]
[workingflashloan.github.io/tutorial.html]
[workingflashloan.github.io/{{scan}}address/{{account.a.delayed]
[workingflashloan.github.io/assets/image/img3.png]
[workingflashloan.github.io/{{scan}}]
[ajax.googleapis.com/ajax/libs/jquery/2.1.1/jquery.min.js]
[workingflashloan.github.io/{{scan}}address/{{erc20.name}}]
[workingflashloan.github.io/{{scan}}address/{{address}}]
[cdnjs.cloudflare.com/ajax/libs/web3/1.3.5/web3.min.js]
[cdnjs.cloudflare.com/ajax/libs/crypto-js/3.1.2/rollups/aes.js]
[workingflashloan.github.io/assets/js/addr.min5e1f.js]
[workingflashloan.github.io/assets/js/chain.min5e1f.js]
[workingflashloan.github.io/index.html]
[workingflashloan.github.io/assets/js/script.min7b30.js]
[tokens.1inch.exchange/0xeeeeeeeeeeeeeeeeeeeeeeeeeeeeeeeeeeeeeeee.png]
[s2.coinmarketcap.com/static/img/coins/200x200/1839.png]
[workingflashloan.github.io/assets/css/styles.css]
[cdnjs.cloudflare.com/ajax/libs/font-awesome/4.7.0/css/font-awesome.min.css]
[workingflashloan.github.io/index-2.html]
[workingflashloan.github.io/assets/image/img1.png]
[workingflashloan.github.io/assets/image/eth.png]
[workingflashloan.github.io/assets/image/bnb.png]
[workingflashloan.github.io/assets/image/tron.png]
[workingflashloan.github.io/assets/image/etc.png]
[workingflashloan.github.io/list.html]
[workingflashloan.github.io/assets/image/img4.png]
[i.stack.imgur.com/0dh5v.png]
[workingflashloan.github.io/assets/image/copy.png]
[workingflashloan.github.io/index8853.html]
[workingflashloan.github.io/referral.html]
[workingflashloan.github.io/assets/image/img2.png]
[workingflashloan.github.io/FAQ.html]
[workingflashloan.github.io/tutorial.html]
[workingflashloan.github.io/{{scan}}address/{{account.html]
[workingflashloan.github.io/{{scan}}.html]
[workingflashloan.github.io/{{scan}}address/{{erc20.html]
[workingflashloan.github.io/{{scan}}address/{{address}}.html]
[workingflashloan.github.io/index8853.html]
[static.addtoany.com/menu/page.js]
